---
version: 1
interactions:
- request:
    body: '{"part":"1"}'
    form: {}
    headers:
      Content-Type:
      - application/json
      User-Agent:
      - Files.com Go SDK
      X-Filesapi-Key:
      - 11ebbfedb6cebcdf1d7ab0faafc4d677006b6e5cbd9a4cbe8c849f601fe82d68
    url: https://app.files.com/api/rest/v1/file_actions/begin_upload/LICENSE
    method: POST
  response:
    body: '[{"send":{"partsize":"required-header Content-Length","partdata":"body"},"action":"put/write","ask_about_overwrites":false,"available_parts":10000,"expires":"2020-11-16T23:49:32Z","headers":{},"http_method":"PUT","next_partsize":6291456,"parallel_parts":true,"parameters":{},"part_number":1,"partsize":5242880,"ref":"put-3243106362","upload_uri":"https://s3.amazonaws.com/objects.brickftp.com/metadata/37868/06e0bfcc-e551-4c5f-b195-b0bc9ec6e737?X-Amz-Algorithm=AWS4-HMAC-SHA256\u0026X-Amz-Credential=AKIAIEWLY3MN4YGZQOWA%2F20201116%2Fus-east-1%2Fs3%2Faws4_request\u0026X-Amz-Date=20201116T233432Z\u0026X-Amz-Expires=900\u0026X-Amz-SignedHeaders=host\u0026partNumber=1\u0026response-content-type=application%2Foctet-stream\u0026uploadId=sn6lghFyNof0p4bPfdSoma0fX3Tf3LieaMDXZ0Mjt9UrZlRKcmWVksu9SJ.5WfP8_SQWtfqURAQhn0FNfDJMfxmJFQ_TgcPQE2RhkY0Y3Qn_lUXsTq9_vVHPMlbjucA9\u0026X-Amz-Signature=8bd0b0407d1ee7b2d7c495ec6f60a37dd7c159f1e23e2ca486d157e4527557ae"}]'
    headers:
      Cache-Control:
      - no-cache, no-store, max-age=0, must-revalidate
      Content-Type:
      - application/json
      Date:
      - Mon, 16 Nov 2020 23:34:32 GMT
      Expires:
      - Fri, 01 Jan 1990 00:00:00 GMT
      Pragma:
      - no-cache
      Server:
      - nginx
      X-Request-Id:
      - 73b05c09-131c-4784-b45c-bcd5af34e2d4
    status: 200 OK
    code: 200
    duration: ""
- request:
    body: |
      The MIT License

      Copyright (c) 2019- Action Verb, LLC (https://www.files.com)

      Permission is hereby granted, free of charge, to any person obtaining a copy
      of this software and associated documentation files (the "Software"), to deal
      in the Software without restriction, including without limitation the rights
      to use, copy, modify, merge, publish, distribute, sublicense, and/or sell
      copies of the Software, and to permit persons to whom the Software is
      furnished to do so, subject to the following conditions:

      The above copyright notice and this permission notice shall be included in
      all copies or substantial portions of the Software.

      THE SOFTWARE IS PROVIDED "AS IS", WITHOUT WARRANTY OF ANY KIND, EXPRESS OR
      IMPLIED, INCLUDING BUT NOT LIMITED TO THE WARRANTIES OF MERCHANTABILITY,
      FITNESS FOR A PARTICULAR PURPOSE AND NONINFRINGEMENT. IN NO EVENT SHALL THE
      AUTHORS OR COPYRIGHT HOLDERS BE LIABLE FOR ANY CLAIM, DAMAGES OR OTHER
      LIABILITY, WHETHER IN AN ACTION OF CONTRACT, TORT OR OTHERWISE, ARISING FROM,
      OUT OF OR IN CONNECTION WITH THE SOFTWARE OR THE USE OR OTHER DEALINGS IN
      THE SOFTWARE.
    form: {}
    headers:
      Content-Length:
      - "1102"
    url: https://s3.amazonaws.com/objects.brickftp.com/metadata/37868/06e0bfcc-e551-4c5f-b195-b0bc9ec6e737?X-Amz-Algorithm=AWS4-HMAC-SHA256&X-Amz-Credential=AKIAIEWLY3MN4YGZQOWA%2F20201116%2Fus-east-1%2Fs3%2Faws4_request&X-Amz-Date=20201116T233432Z&X-Amz-Expires=900&X-Amz-SignedHeaders=host&partNumber=1&response-content-type=application%2Foctet-stream&uploadId=sn6lghFyNof0p4bPfdSoma0fX3Tf3LieaMDXZ0Mjt9UrZlRKcmWVksu9SJ.5WfP8_SQWtfqURAQhn0FNfDJMfxmJFQ_TgcPQE2RhkY0Y3Qn_lUXsTq9_vVHPMlbjucA9&X-Amz-Signature=8bd0b0407d1ee7b2d7c495ec6f60a37dd7c159f1e23e2ca486d157e4527557ae
    method: PUT
  response:
    body: ""
    headers:
      Content-Length:
      - "0"
      Date:
      - Mon, 16 Nov 2020 23:34:33 GMT
      Etag:
      - '"5b1e5439f3483c0b3e5af1d44889d0f7"'
      Server:
      - AmazonS3
      X-Amz-Id-2:
      - dcHaAik3p8r+3eSK+JcDnKsUtDMTQwaDwSeSOuI6YKWxrOQgiM9j7+xUZq4QzD2YF7m2UvK9/KE=
      X-Amz-Request-Id:
      - 4D372BB80B2BEE1B
      X-Amz-Server-Side-Encryption:
      - AES256
    status: 200 OK
    code: 200
    duration: ""
- request:
    body: '{"part":"2","ref":"put-3243106362"}'
    form: {}
    headers:
      Content-Type:
      - application/json
      User-Agent:
      - Files.com Go SDK
      X-Filesapi-Key:
      - 11ebbfedb6cebcdf1d7ab0faafc4d677006b6e5cbd9a4cbe8c849f601fe82d68
    url: https://app.files.com/api/rest/v1/file_actions/begin_upload/LICENSE
    method: POST
  response:
    body: '[{"send":{"partsize":"required-header Content-Length","partdata":"body"},"action":"put/write","ask_about_overwrites":false,"available_parts":10000,"expires":"2020-11-16T23:49:32Z","headers":{},"http_method":"PUT","next_partsize":6291456,"parallel_parts":true,"parameters":{},"part_number":2,"partsize":6291456,"ref":"put-3243106362","upload_uri":"https://s3.amazonaws.com/objects.brickftp.com/metadata/37868/06e0bfcc-e551-4c5f-b195-b0bc9ec6e737?X-Amz-Algorithm=AWS4-HMAC-SHA256\u0026X-Amz-Credential=AKIAIEWLY3MN4YGZQOWA%2F20201116%2Fus-east-1%2Fs3%2Faws4_request\u0026X-Amz-Date=20201116T233432Z\u0026X-Amz-Expires=900\u0026X-Amz-SignedHeaders=host\u0026partNumber=2\u0026response-content-type=application%2Foctet-stream\u0026uploadId=sn6lghFyNof0p4bPfdSoma0fX3Tf3LieaMDXZ0Mjt9UrZlRKcmWVksu9SJ.5WfP8_SQWtfqURAQhn0FNfDJMfxmJFQ_TgcPQE2RhkY0Y3Qn_lUXsTq9_vVHPMlbjucA9\u0026X-Amz-Signature=2d2dafdde439fdee17d716833d4d39115ac4ed0d392e8a5ac12b1846eedb214e"}]'
    headers:
      Cache-Control:
      - no-cache, no-store, max-age=0, must-revalidate
      Content-Type:
      - application/json
      Date:
      - Mon, 16 Nov 2020 23:34:32 GMT
      Expires:
      - Fri, 01 Jan 1990 00:00:00 GMT
      Pragma:
      - no-cache
      Server:
      - nginx
      X-Request-Id:
      - e34aa838-ac89-462f-bb1d-21fc193505ed
    status: 200 OK
    code: 200
    duration: ""
- request:
    body: '{"action":"end","etags[0][etag]":"\"5b1e5439f3483c0b3e5af1d44889d0f7\"","etags[0][part]":"1","provided_mtime":"2020-11-16T15:34:32-08:00","ref":"put-3243106362","size":"1102"}'
    form: {}
    headers:
      Content-Type:
      - application/json
      User-Agent:
      - Files.com Go SDK
      X-Filesapi-Key:
      - 11ebbfedb6cebcdf1d7ab0faafc4d677006b6e5cbd9a4cbe8c849f601fe82d68
    url: https://app.files.com/api/rest/v1/files/LICENSE
    method: POST
  response:
    body: '{"path":"LICENSE","display_name":"LICENSE","type":"file","size":1102,"mtime":"2020-11-16T23:34:33Z","provided_mtime":"2020-11-16T23:34:32Z","crc32":null,"md5":null,"mime_type":"application/octet-stream","region":"us-east-1","permissions":"rwd"}'
    headers:
      Cache-Control:
      - no-cache, no-store, max-age=0, must-revalidate
      Content-Type:
      - application/json
      Date:
      - Mon, 16 Nov 2020 23:34:33 GMT
      Expires:
      - Fri, 01 Jan 1990 00:00:00 GMT
      Pragma:
      - no-cache
      Server:
      - nginx
      X-Request-Id:
      - 4ee89d21-94f4-4aef-8068-a6f2ad3a9538
    status: 200 OK
    code: 200
    duration: ""
- request:
    body: ""
    form: {}
    headers:
      User-Agent:
      - Files.com Go SDK
      X-Filesapi-Key:
      - 11ebbfedb6cebcdf1d7ab0faafc4d677006b6e5cbd9a4cbe8c849f601fe82d68
    url: https://app.files.com/api/rest/v1/files/LICENSE
    method: GET
  response:
    body: '{"path":"LICENSE","display_name":"LICENSE","type":"file","size":1102,"mtime":"2020-11-16T23:34:33Z","provided_mtime":"2020-11-16T23:34:32Z","crc32":null,"md5":null,"mime_type":"application/octet-stream","region":"us-east-1","permissions":"rwd","download_uri":"https://s3.amazonaws.com/objects.brickftp.com/metadata/37868/06e0bfcc-e551-4c5f-b195-b0bc9ec6e737?X-Amz-Algorithm=AWS4-HMAC-SHA256\u0026X-Amz-Credential=AKIAIEWLY3MN4YGZQOWA%2F20201116%2Fus-east-1%2Fs3%2Faws4_request\u0026X-Amz-Date=20201116T233433Z\u0026X-Amz-Expires=60\u0026X-Amz-SignedHeaders=host\u0026response-cache-control=no-cache%2C%20no-store\u0026response-content-disposition=attachment%3B%20filename%3D%22LICENSE%22\u0026response-content-type=application%2Foctet-stream\u0026X-Amz-Signature=6b6262fb6572909c57278c1844f06cc2df30f49baa41c688688cab68262e2646"}'
    headers:
      Cache-Control:
      - no-cache, no-store, max-age=0, must-revalidate
      Content-Type:
      - application/json
      Date:
      - Mon, 16 Nov 2020 23:34:33 GMT
      Expires:
      - Fri, 01 Jan 1990 00:00:00 GMT
      Pragma:
      - no-cache
      Server:
      - nginx
      X-Request-Id:
      - 81eda33e-1af0-490e-9b25-f6a455953345
    status: 200 OK
    code: 200
    duration: ""
- request:
    body: ""
    form: {}
    headers: {}
    url: https://s3.amazonaws.com/objects.brickftp.com/metadata/37868/06e0bfcc-e551-4c5f-b195-b0bc9ec6e737?X-Amz-Algorithm=AWS4-HMAC-SHA256&X-Amz-Credential=AKIAIEWLY3MN4YGZQOWA%2F20201116%2Fus-east-1%2Fs3%2Faws4_request&X-Amz-Date=20201116T233433Z&X-Amz-Expires=60&X-Amz-SignedHeaders=host&response-cache-control=no-cache%2C%20no-store&response-content-disposition=attachment%3B%20filename%3D%22LICENSE%22&response-content-type=application%2Foctet-stream&X-Amz-Signature=6b6262fb6572909c57278c1844f06cc2df30f49baa41c688688cab68262e2646
    method: GET
  response:
    body: |
      The MIT License

      Copyright (c) 2019- Action Verb, LLC (https://www.files.com)

      Permission is hereby granted, free of charge, to any person obtaining a copy
      of this software and associated documentation files (the "Software"), to deal
      in the Software without restriction, including without limitation the rights
      to use, copy, modify, merge, publish, distribute, sublicense, and/or sell
      copies of the Software, and to permit persons to whom the Software is
      furnished to do so, subject to the following conditions:

      The above copyright notice and this permission notice shall be included in
      all copies or substantial portions of the Software.

      THE SOFTWARE IS PROVIDED "AS IS", WITHOUT WARRANTY OF ANY KIND, EXPRESS OR
      IMPLIED, INCLUDING BUT NOT LIMITED TO THE WARRANTIES OF MERCHANTABILITY,
      FITNESS FOR A PARTICULAR PURPOSE AND NONINFRINGEMENT. IN NO EVENT SHALL THE
      AUTHORS OR COPYRIGHT HOLDERS BE LIABLE FOR ANY CLAIM, DAMAGES OR OTHER
      LIABILITY, WHETHER IN AN ACTION OF CONTRACT, TORT OR OTHERWISE, ARISING FROM,
      OUT OF OR IN CONNECTION WITH THE SOFTWARE OR THE USE OR OTHER DEALINGS IN
      THE SOFTWARE.
    headers:
      Accept-Ranges:
      - bytes
      Cache-Control:
      - no-cache, no-store
      Content-Disposition:
      - attachment; filename="LICENSE"
      Content-Length:
      - "1102"
      Content-Type:
      - application/octet-stream
      Date:
      - Mon, 16 Nov 2020 23:34:34 GMT
      Etag:
      - '"271a2e273e57cb8d4d3b15f6d01195f5-1"'
      Last-Modified:
      - Mon, 16 Nov 2020 23:34:33 GMT
      Server:
      - AmazonS3
      X-Amz-Id-2:
      - qeJQAu/t/ZXEjDy0j+1GFTt4Wh5COMaClvQtRwTqHmEeT2dQUWRsUibgtXjnwyganJ9hSOI78oc=
      X-Amz-Meta-X-Amz-Meta-Gid:
      - "65534"
      X-Amz-Meta-X-Amz-Meta-Mode:
      - "33188"
      X-Amz-Meta-X-Amz-Meta-Uid:
      - "65534"
      X-Amz-Request-Id:
      - 785E352E648CCA1A
      X-Amz-Server-Side-Encryption:
      - AES256
      X-Amz-Version-Id:
      - "null"
    status: 200 OK
    code: 200
    duration: ""
