---
version: 1
interactions:
- request:
    body: '{}'
    form: {}
    headers:
      Content-Type:
      - application/json
      User-Agent:
      - Files.com Go SDK
    url: https://app.files.com/api/rest/v1/folders/TestClient_DownloadFolder
    method: POST
  response:
    body: '{"error":"The destination exists.","http-code":422,"instance":"5f1b9e16-3bef-48b7-9144-c5091c67c8b6","title":"Destination
      Exists","type":"processing-failure/destination-exists"}'
    headers:
      Cache-Control:
      - no-cache, no-store, max-age=0, must-revalidate
      Content-Length:
      - "177"
      Content-Type:
      - application/json
      Date:
      - Thu, 27 May 2021 15:57:03 GMT
      Expires:
      - Fri, 01 Jan 1990 00:00:00 GMT
      Pragma:
      - no-cache
      Server:
      - nginx
      X-Request-Id:
      - 5f1b9e16-3bef-48b7-9144-c5091c67c8b6
    status: 422 Unprocessable Entity
    code: 422
    duration: ""
- request:
    body: '{}'
    form: {}
    headers:
      Content-Type:
      - application/json
      User-Agent:
      - Files.com Go SDK
    url: https://app.files.com/api/rest/v1/folders/TestClient_DownloadFolder/nested_1
    method: POST
  response:
    body: '{"error":"The destination exists.","http-code":422,"instance":"45d91fec-8a8f-4b6c-ab01-025556ebcbbf","title":"Destination
      Exists","type":"processing-failure/destination-exists"}'
    headers:
      Cache-Control:
      - no-cache, no-store, max-age=0, must-revalidate
      Content-Length:
      - "177"
      Content-Type:
      - application/json
      Date:
      - Thu, 27 May 2021 15:57:03 GMT
      Expires:
      - Fri, 01 Jan 1990 00:00:00 GMT
      Pragma:
      - no-cache
      Server:
      - nginx
      X-Request-Id:
      - 45d91fec-8a8f-4b6c-ab01-025556ebcbbf
    status: 422 Unprocessable Entity
    code: 422
    duration: ""
- request:
    body: '{}'
    form: {}
    headers:
      Content-Type:
      - application/json
      User-Agent:
      - Files.com Go SDK
    url: https://app.files.com/api/rest/v1/folders/TestClient_DownloadFolder/nested_1/nested_2
    method: POST
  response:
    body: '{"error":"The destination exists.","http-code":422,"instance":"441e319b-22c8-4ec4-bc3c-fb21bc37d71c","title":"Destination
      Exists","type":"processing-failure/destination-exists"}'
    headers:
      Cache-Control:
      - no-cache, no-store, max-age=0, must-revalidate
      Content-Length:
      - "177"
      Content-Type:
      - application/json
      Date:
      - Thu, 27 May 2021 15:57:03 GMT
      Expires:
      - Fri, 01 Jan 1990 00:00:00 GMT
      Pragma:
      - no-cache
      Server:
      - nginx
      X-Request-Id:
      - 441e319b-22c8-4ec4-bc3c-fb21bc37d71c
    status: 422 Unprocessable Entity
    code: 422
    duration: ""
- request:
    body: '{}'
    form: {}
    headers:
      Content-Type:
      - application/json
      User-Agent:
      - Files.com Go SDK
    url: https://app.files.com/api/rest/v1/folders/TestClient_DownloadFolder/nested_1/nested_2/nested_3
    method: POST
  response:
    body: '{"error":"The destination exists.","http-code":422,"instance":"0b593e3f-85ae-49b2-b79d-d65d3b0cce36","title":"Destination
      Exists","type":"processing-failure/destination-exists"}'
    headers:
      Cache-Control:
      - no-cache, no-store, max-age=0, must-revalidate
      Content-Length:
      - "177"
      Content-Type:
      - application/json
      Date:
      - Thu, 27 May 2021 15:57:04 GMT
      Expires:
      - Fri, 01 Jan 1990 00:00:00 GMT
      Pragma:
      - no-cache
      Server:
      - nginx
      X-Request-Id:
      - 0b593e3f-85ae-49b2-b79d-d65d3b0cce36
    status: 422 Unprocessable Entity
    code: 422
    duration: ""
- request:
    body: '{}'
    form: {}
    headers:
      Content-Type:
      - application/json
      User-Agent:
      - Files.com Go SDK
    url: https://app.files.com/api/rest/v1/file_actions/begin_upload/TestClient_DownloadFolder/nested_1/nested_2/3.text
    method: POST
  response:
    body: '[{"send":{"partsize":"required-header Content-Length","partdata":"body"},"action":"put/write","ask_about_overwrites":false,"available_parts":10000,"expires":"2021-05-27T16:12:04Z","headers":{},"http_method":"PUT","next_partsize":6291456,"parallel_parts":true,"parameters":{},"part_number":1,"partsize":5242880,"ref":"put-4451109806","upload_uri":"https://s3.amazonaws.com/objects.brickftp.com/metadata/37263/687937c0-0d3e-4ac0-a26c-98b32050e6b4?X-Amz-Algorithm=AWS4-HMAC-SHA256\u0026X-Amz-Credential=AKIAIEWLY3MN4YGZQOWA%2F20210527%2Fus-east-1%2Fs3%2Faws4_request\u0026X-Amz-Date=20210527T155704Z\u0026X-Amz-Expires=900\u0026X-Amz-SignedHeaders=host\u0026partNumber=1\u0026response-content-type=application%2Foctet-stream\u0026uploadId=YnPzuMunq8EgEPy6nYtvQjFup5mqoBxl_WWIfpc5lBAksz55t5C8DsVilxf_hL2pBXHlojPN0yhY3CsVUMi1NEARYdYH.Yn.xojNh_tCgBGpy0Jsc_tSTmcRsQhGMwcY\u0026X-Amz-Signature=48bc7166f4230fbd0ced4dc29edbf1c6af01554013d0702678a30d2f914196f6"}]'
    headers:
      Cache-Control:
      - no-cache, no-store, max-age=0, must-revalidate
      Content-Type:
      - application/json
      Date:
      - Thu, 27 May 2021 15:57:04 GMT
      Expires:
      - Fri, 01 Jan 1990 00:00:00 GMT
      Pragma:
      - no-cache
      Server:
      - nginx
      X-Request-Id:
      - 61a3c7fb-7b66-44c2-b2a4-6f7970aa56ee
    status: 200 OK
    code: 200
    duration: ""
- request:
    body: testing 3
    form: {}
    headers:
      Content-Length:
      - "9"
    url: https://s3.amazonaws.com/objects.brickftp.com/metadata/37263/687937c0-0d3e-4ac0-a26c-98b32050e6b4?X-Amz-Algorithm=AWS4-HMAC-SHA256&X-Amz-Credential=AKIAIEWLY3MN4YGZQOWA%2F20210527%2Fus-east-1%2Fs3%2Faws4_request&X-Amz-Date=20210527T155704Z&X-Amz-Expires=900&X-Amz-SignedHeaders=host&partNumber=1&response-content-type=application%2Foctet-stream&uploadId=YnPzuMunq8EgEPy6nYtvQjFup5mqoBxl_WWIfpc5lBAksz55t5C8DsVilxf_hL2pBXHlojPN0yhY3CsVUMi1NEARYdYH.Yn.xojNh_tCgBGpy0Jsc_tSTmcRsQhGMwcY&X-Amz-Signature=48bc7166f4230fbd0ced4dc29edbf1c6af01554013d0702678a30d2f914196f6
    method: PUT
  response:
    body: ""
    headers:
      Content-Length:
      - "0"
      Date:
      - Thu, 27 May 2021 15:57:05 GMT
      Etag:
      - '"15e081c59a53cf6aadd83c7dc0e831d3"'
      Server:
      - AmazonS3
      X-Amz-Id-2:
      - DGK4PgCUDxnAspI4uohtfnyaCeql03HJERT/CEyTsa6qm/ulBqIMb/KX66I6W6aUoFpnng/xOC8=
      X-Amz-Request-Id:
      - M3ZDN620H5768869
      X-Amz-Server-Side-Encryption:
      - AES256
    status: 200 OK
    code: 200
    duration: ""
- request:
    body: '{"action":"end","etags[0][etag]":"\"15e081c59a53cf6aadd83c7dc0e831d3\"","etags[0][part]":"1","provided_mtime":"2021-05-27T08:57:04-07:00","ref":"put-4451109806","size":"9"}'
    form: {}
    headers:
      Content-Type:
      - application/json
      User-Agent:
      - Files.com Go SDK
    url: https://app.files.com/api/rest/v1/files/TestClient_DownloadFolder/nested_1/nested_2/3.text
    method: POST
  response:
    body: '{"path":"TestClient_DownloadFolder/nested_1/nested_2/3.text","display_name":"3.text","type":"file","size":9,"mtime":"2021-05-27T15:57:05Z","provided_mtime":"2021-05-27T15:57:04Z","crc32":null,"md5":null,"mime_type":"application/octet-stream","region":"us-east-1","permissions":"rwd"}'
    headers:
      Cache-Control:
      - no-cache, no-store, max-age=0, must-revalidate
      Content-Type:
      - application/json
      Date:
      - Thu, 27 May 2021 15:57:05 GMT
      Expires:
      - Fri, 01 Jan 1990 00:00:00 GMT
      Pragma:
      - no-cache
      Server:
      - nginx
      X-Request-Id:
      - 2e1465d6-5579-4ef9-9304-61781bf1d73e
    status: 200 OK
    code: 200
    duration: ""
- request:
    body: '{}'
    form: {}
    headers:
      Content-Type:
      - application/json
      User-Agent:
      - Files.com Go SDK
    url: https://app.files.com/api/rest/v1/file_actions/begin_upload/TestClient_DownloadFolder/nested_1/nested_2/nested_3/4.text
    method: POST
  response:
    body: '[{"send":{"partsize":"required-header Content-Length","partdata":"body"},"action":"put/write","ask_about_overwrites":false,"available_parts":10000,"expires":"2021-05-27T16:12:05Z","headers":{},"http_method":"PUT","next_partsize":6291456,"parallel_parts":true,"parameters":{},"part_number":1,"partsize":5242880,"ref":"put-4451109882","upload_uri":"https://s3.amazonaws.com/objects.brickftp.com/metadata/37263/763c8021-20ce-4a8a-83c0-707d527ed896?X-Amz-Algorithm=AWS4-HMAC-SHA256\u0026X-Amz-Credential=AKIAIEWLY3MN4YGZQOWA%2F20210527%2Fus-east-1%2Fs3%2Faws4_request\u0026X-Amz-Date=20210527T155705Z\u0026X-Amz-Expires=900\u0026X-Amz-SignedHeaders=host\u0026partNumber=1\u0026response-content-type=application%2Foctet-stream\u0026uploadId=eFczSt4vn.hZoGp9iBL.KUaBZDKQmkZT16iaX8SvR7wSXYjbnd0LJn07xvpU2.XTl0KO81tCDBbQTF9YZYXbbrya2YMaC0N7VT2X43SHWtO72tpT23rBc5Y_DLyD8Yk8\u0026X-Amz-Signature=4e3b1d9295ff37f2dc01304b325fea4e1ca51a032772688d7a11aca82e4e1158"}]'
    headers:
      Cache-Control:
      - no-cache, no-store, max-age=0, must-revalidate
      Content-Type:
      - application/json
      Date:
      - Thu, 27 May 2021 15:57:05 GMT
      Expires:
      - Fri, 01 Jan 1990 00:00:00 GMT
      Pragma:
      - no-cache
      Server:
      - nginx
      X-Request-Id:
      - 4712fc2e-297f-4f14-b92a-bd8acf2f586a
    status: 200 OK
    code: 200
    duration: ""
- request:
    body: testing 3
    form: {}
    headers:
      Content-Length:
      - "9"
    url: https://s3.amazonaws.com/objects.brickftp.com/metadata/37263/763c8021-20ce-4a8a-83c0-707d527ed896?X-Amz-Algorithm=AWS4-HMAC-SHA256&X-Amz-Credential=AKIAIEWLY3MN4YGZQOWA%2F20210527%2Fus-east-1%2Fs3%2Faws4_request&X-Amz-Date=20210527T155705Z&X-Amz-Expires=900&X-Amz-SignedHeaders=host&partNumber=1&response-content-type=application%2Foctet-stream&uploadId=eFczSt4vn.hZoGp9iBL.KUaBZDKQmkZT16iaX8SvR7wSXYjbnd0LJn07xvpU2.XTl0KO81tCDBbQTF9YZYXbbrya2YMaC0N7VT2X43SHWtO72tpT23rBc5Y_DLyD8Yk8&X-Amz-Signature=4e3b1d9295ff37f2dc01304b325fea4e1ca51a032772688d7a11aca82e4e1158
    method: PUT
  response:
    body: ""
    headers:
      Content-Length:
      - "0"
      Date:
      - Thu, 27 May 2021 15:57:06 GMT
      Etag:
      - '"15e081c59a53cf6aadd83c7dc0e831d3"'
      Server:
      - AmazonS3
      X-Amz-Id-2:
      - g7pAEuRVspQwi7GyZMQvKLRz8m3c1Qu5uzPlVCb0lLJfoy6KNw420bUqtwZYyZYiz3tfz4yhZvA=
      X-Amz-Request-Id:
      - 8Y4D1P8S78JH34K6
      X-Amz-Server-Side-Encryption:
      - AES256
    status: 200 OK
    code: 200
    duration: ""
- request:
    body: '{"action":"end","etags[0][etag]":"\"15e081c59a53cf6aadd83c7dc0e831d3\"","etags[0][part]":"1","provided_mtime":"2021-05-27T08:57:05-07:00","ref":"put-4451109882","size":"9"}'
    form: {}
    headers:
      Content-Type:
      - application/json
      User-Agent:
      - Files.com Go SDK
    url: https://app.files.com/api/rest/v1/files/TestClient_DownloadFolder/nested_1/nested_2/nested_3/4.text
    method: POST
  response:
    body: '{"path":"TestClient_DownloadFolder/nested_1/nested_2/nested_3/4.text","display_name":"4.text","type":"file","size":9,"mtime":"2021-05-27T15:57:05Z","provided_mtime":"2021-05-27T15:57:05Z","crc32":null,"md5":null,"mime_type":"application/octet-stream","region":"us-east-1","permissions":"rwd"}'
    headers:
      Cache-Control:
      - no-cache, no-store, max-age=0, must-revalidate
      Content-Type:
      - application/json
      Date:
      - Thu, 27 May 2021 15:57:05 GMT
      Expires:
      - Fri, 01 Jan 1990 00:00:00 GMT
      Pragma:
      - no-cache
      Server:
      - nginx
      X-Request-Id:
      - aa14e474-1ce4-4dbf-bd2a-f32ce41b952a
    status: 200 OK
    code: 200
    duration: ""
- request:
    body: ""
    form: {}
    headers:
      User-Agent:
      - Files.com Go SDK
    url: https://app.files.com/api/rest/v1/folders/TestClient_DownloadFolder/nested_1/nested_2?page=1&per_page=1
    method: GET
  response:
    body: '[{"path":"TestClient_DownloadFolder/nested_1/nested_2/nested_3","display_name":"nested_3","type":"directory","size":null,"mtime":"2021-05-27T15:57:05Z","provided_mtime":null,"crc32":null,"md5":null,"permissions":"rwd","subfolders_locked?":false}]'
    headers:
      Cache-Control:
      - no-cache, no-store, max-age=0, must-revalidate
      Content-Type:
      - application/json
      Date:
      - Thu, 27 May 2021 15:57:06 GMT
      Expires:
      - Fri, 01 Jan 1990 00:00:00 GMT
      Pragma:
      - no-cache
      Server:
      - nginx
      X-Files-Cursor:
      - c2next:VGVzdENsaWVudF9Eb3dubG9hZEZvbGRlci9uZXN0ZWRfMS9uZXN0ZWRfMi9uZXN0ZWRfMy8vMS8vMzk0MDU3NjAzNA
      X-Request-Id:
      - 4c5bdabb-6ac4-4a5a-9996-2dd3a18b020a
    status: 200 OK
    code: 200
    duration: ""
- request:
    body: ""
    form: {}
    headers:
      User-Agent:
      - Files.com Go SDK
    url: https://app.files.com/api/rest/v1/folders/TestClient_DownloadFolder/nested_1/nested_2?cursor=c2next%3AVGVzdENsaWVudF9Eb3dubG9hZEZvbGRlci9uZXN0ZWRfMS9uZXN0ZWRfMi9uZXN0ZWRfMy8vMS8vMzk0MDU3NjAzNA&per_page=1
    method: GET
  response:
    body: '[{"path":"TestClient_DownloadFolder/nested_1/nested_2/3.text","display_name":"3.text","type":"file","size":9,"mtime":"2021-05-27T15:57:05Z","provided_mtime":"2021-05-27T15:57:04Z","crc32":"b669a0d4","md5":"15e081c59a53cf6aadd83c7dc0e831d3","mime_type":"application/octet-stream","region":"us-east-1","permissions":"rwd"}]'
    headers:
      Cache-Control:
      - no-cache, no-store, max-age=0, must-revalidate
      Content-Type:
      - application/json
      Date:
      - Thu, 27 May 2021 15:57:06 GMT
      Expires:
      - Fri, 01 Jan 1990 00:00:00 GMT
      Pragma:
      - no-cache
      Server:
      - nginx
      X-Request-Id:
      - 3f541d60-8c2d-48fb-b43c-0f2e0cbfbe7b
    status: 200 OK
    code: 200
    duration: ""
- request:
    body: ""
    form: {}
    headers:
      User-Agent:
      - Files.com Go SDK
    url: https://app.files.com/api/rest/v1/folders/TestClient_DownloadFolder/nested_1/nested_2?page=3&per_page=1
    method: GET
  response:
    body: '[]'
    headers:
      Cache-Control:
      - no-cache, no-store, max-age=0, must-revalidate
      Content-Length:
      - "2"
      Content-Type:
      - application/json
      Date:
      - Thu, 27 May 2021 15:57:06 GMT
      Expires:
      - Fri, 01 Jan 1990 00:00:00 GMT
      Pragma:
      - no-cache
      Server:
      - nginx
      X-Request-Id:
      - 6470d472-aed1-4e8d-a849-e32293c34f1b
    status: 200 OK
    code: 200
    duration: ""
- request:
    body: ""
    form: {}
    headers:
      User-Agent:
      - Files.com Go SDK
    url: https://app.files.com/api/rest/v1/folders/TestClient_DownloadFolder?page=1
    method: GET
  response:
    body: '[{"path":"TestClient_DownloadFolder/nested_1","display_name":"nested_1","type":"directory","size":null,"mtime":"2021-05-27T15:57:05Z","provided_mtime":null,"crc32":null,"md5":null,"permissions":"rwd","subfolders_locked?":false}]'
    headers:
      Cache-Control:
      - no-cache, no-store, max-age=0, must-revalidate
      Content-Type:
      - application/json
      Date:
      - Thu, 27 May 2021 15:57:06 GMT
      Expires:
      - Fri, 01 Jan 1990 00:00:00 GMT
      Pragma:
      - no-cache
      Server:
      - nginx
      X-Request-Id:
      - 3300f3cc-2f6a-45df-bdff-cd8bdf83ed7a
    status: 200 OK
    code: 200
    duration: ""
- request:
    body: ""
    form: {}
    headers:
      User-Agent:
      - Files.com Go SDK
    url: https://app.files.com/api/rest/v1/folders/TestClient_DownloadFolder/nested_1?page=1
    method: GET
  response:
    body: '[{"path":"TestClient_DownloadFolder/nested_1/nested_2","display_name":"nested_2","type":"directory","size":null,"mtime":"2021-05-27T15:57:05Z","provided_mtime":null,"crc32":null,"md5":null,"permissions":"rwd","subfolders_locked?":false}]'
    headers:
      Cache-Control:
      - no-cache, no-store, max-age=0, must-revalidate
      Content-Type:
      - application/json
      Date:
      - Thu, 27 May 2021 15:57:06 GMT
      Expires:
      - Fri, 01 Jan 1990 00:00:00 GMT
      Pragma:
      - no-cache
      Server:
      - nginx
      X-Request-Id:
      - 0243707e-372e-40d2-8127-831bdd85612d
    status: 200 OK
    code: 200
    duration: ""
- request:
    body: ""
    form: {}
    headers:
      User-Agent:
      - Files.com Go SDK
    url: https://app.files.com/api/rest/v1/folders/TestClient_DownloadFolder/nested_1/nested_2?page=1
    method: GET
  response:
    body: '[{"path":"TestClient_DownloadFolder/nested_1/nested_2/nested_3","display_name":"nested_3","type":"directory","size":null,"mtime":"2021-05-27T15:57:05Z","provided_mtime":null,"crc32":null,"md5":null,"permissions":"rwd","subfolders_locked?":false},{"path":"TestClient_DownloadFolder/nested_1/nested_2/3.text","display_name":"3.text","type":"file","size":9,"mtime":"2021-05-27T15:57:05Z","provided_mtime":"2021-05-27T15:57:04Z","crc32":"b669a0d4","md5":"15e081c59a53cf6aadd83c7dc0e831d3","mime_type":"application/octet-stream","region":"us-east-1","permissions":"rwd"}]'
    headers:
      Cache-Control:
      - no-cache, no-store, max-age=0, must-revalidate
      Content-Type:
      - application/json
      Date:
      - Thu, 27 May 2021 15:57:06 GMT
      Expires:
      - Fri, 01 Jan 1990 00:00:00 GMT
      Pragma:
      - no-cache
      Server:
      - nginx
      X-Request-Id:
      - e5615a5a-768e-493d-a1ec-79df281b92f1
    status: 200 OK
    code: 200
    duration: ""
- request:
    body: ""
    form: {}
    headers:
      User-Agent:
      - Files.com Go SDK
    url: https://app.files.com/api/rest/v1/folders/TestClient_DownloadFolder/nested_1/nested_2/nested_3?page=1
    method: GET
  response:
    body: '[{"path":"TestClient_DownloadFolder/nested_1/nested_2/nested_3/4.text","display_name":"4.text","type":"file","size":9,"mtime":"2021-05-27T15:57:05Z","provided_mtime":"2021-05-27T15:57:05Z","crc32":null,"md5":null,"mime_type":"application/octet-stream","region":"us-east-1","permissions":"rwd"}]'
    headers:
      Cache-Control:
      - no-cache, no-store, max-age=0, must-revalidate
      Content-Type:
      - application/json
      Date:
      - Thu, 27 May 2021 15:57:06 GMT
      Expires:
      - Fri, 01 Jan 1990 00:00:00 GMT
      Pragma:
      - no-cache
      Server:
      - nginx
      X-Request-Id:
      - c00d3114-7564-41f6-961a-bfb296489af2
    status: 200 OK
    code: 200
    duration: ""
- request:
    body: ""
    form: {}
    headers:
      User-Agent:
      - Files.com Go SDK
    url: https://app.files.com/api/rest/v1/files/TestClient_DownloadFolder/nested_1/nested_2/nested_3/4.text
    method: GET
  response:
    body: '{"path":"TestClient_DownloadFolder/nested_1/nested_2/nested_3/4.text","display_name":"4.text","type":"file","size":9,"mtime":"2021-05-27T15:57:05Z","provided_mtime":"2021-05-27T15:57:05Z","crc32":null,"md5":null,"mime_type":"application/octet-stream","region":"us-east-1","permissions":"rwd","download_uri":"https://s3.amazonaws.com/objects.brickftp.com/metadata/37263/763c8021-20ce-4a8a-83c0-707d527ed896?X-Amz-Algorithm=AWS4-HMAC-SHA256\u0026X-Amz-Credential=AKIAIEWLY3MN4YGZQOWA%2F20210527%2Fus-east-1%2Fs3%2Faws4_request\u0026X-Amz-Date=20210527T155706Z\u0026X-Amz-Expires=60\u0026X-Amz-SignedHeaders=host\u0026response-cache-control=no-cache%2C%20no-store\u0026response-content-disposition=attachment%3B%20filename%3D%224.text%22\u0026response-content-type=application%2Foctet-stream\u0026X-Amz-Signature=a9479ddde86b9d2f3d8f1323b60d44ae09e6fb25d37bbf8f71c3f882f03f797d"}'
    headers:
      Cache-Control:
      - no-cache, no-store, max-age=0, must-revalidate
      Content-Type:
      - application/json
      Date:
      - Thu, 27 May 2021 15:57:06 GMT
      Expires:
      - Fri, 01 Jan 1990 00:00:00 GMT
      Pragma:
      - no-cache
      Server:
      - nginx
      X-Request-Id:
      - 8f79e717-1094-4072-bfae-62a827f2e62a
    status: 200 OK
    code: 200
    duration: ""
- request:
    body: ""
    form: {}
    headers:
      User-Agent:
      - Files.com Go SDK
    url: https://app.files.com/api/rest/v1/files/TestClient_DownloadFolder/nested_1/nested_2/3.text
    method: GET
  response:
    body: '{"path":"TestClient_DownloadFolder/nested_1/nested_2/3.text","display_name":"3.text","type":"file","size":9,"mtime":"2021-05-27T15:57:05Z","provided_mtime":"2021-05-27T15:57:04Z","crc32":"b669a0d4","md5":"15e081c59a53cf6aadd83c7dc0e831d3","mime_type":"application/octet-stream","region":"us-east-1","permissions":"rwd","download_uri":"https://s3.amazonaws.com/objects.brickftp.com/metadata/37263/687937c0-0d3e-4ac0-a26c-98b32050e6b4?X-Amz-Algorithm=AWS4-HMAC-SHA256\u0026X-Amz-Credential=AKIAIEWLY3MN4YGZQOWA%2F20210527%2Fus-east-1%2Fs3%2Faws4_request\u0026X-Amz-Date=20210527T155706Z\u0026X-Amz-Expires=60\u0026X-Amz-SignedHeaders=host\u0026response-cache-control=no-cache%2C%20no-store\u0026response-content-disposition=attachment%3B%20filename%3D%223.text%22\u0026response-content-type=application%2Foctet-stream\u0026X-Amz-Signature=d614f7aec0515f01b2404b509b6aaed679b3d90ae71c765984a4eb91af2eac98"}'
    headers:
      Cache-Control:
      - no-cache, no-store, max-age=0, must-revalidate
      Content-Type:
      - application/json
      Date:
      - Thu, 27 May 2021 15:57:06 GMT
      Expires:
      - Fri, 01 Jan 1990 00:00:00 GMT
      Pragma:
      - no-cache
      Server:
      - nginx
      X-Request-Id:
      - cdc2baa9-4628-4c85-b8a7-287e8ca968a9
    status: 200 OK
    code: 200
    duration: ""
- request:
    body: ""
    form: {}
    headers: {}
    url: https://s3.amazonaws.com/objects.brickftp.com/metadata/37263/763c8021-20ce-4a8a-83c0-707d527ed896?X-Amz-Algorithm=AWS4-HMAC-SHA256&X-Amz-Credential=AKIAIEWLY3MN4YGZQOWA%2F20210527%2Fus-east-1%2Fs3%2Faws4_request&X-Amz-Date=20210527T155706Z&X-Amz-Expires=60&X-Amz-SignedHeaders=host&response-cache-control=no-cache%2C%20no-store&response-content-disposition=attachment%3B%20filename%3D%224.text%22&response-content-type=application%2Foctet-stream&X-Amz-Signature=a9479ddde86b9d2f3d8f1323b60d44ae09e6fb25d37bbf8f71c3f882f03f797d
    method: GET
  response:
    body: testing 3
    headers:
      Accept-Ranges:
      - bytes
      Cache-Control:
      - no-cache, no-store
      Content-Disposition:
      - attachment; filename="4.text"
      Content-Length:
      - "9"
      Content-Type:
      - application/octet-stream
      Date:
      - Thu, 27 May 2021 15:57:07 GMT
      Etag:
      - '"1f10b9f0c89ab4910091c8cb836b2b21-1"'
      Last-Modified:
      - Thu, 27 May 2021 15:57:06 GMT
      Server:
      - AmazonS3
      X-Amz-Id-2:
      - HEXdgeSsU6FRzfkHqhDPcIzSi4ImZC3SZPKSbZmjdXBU7iC5/upv4+Fl5QIM+hM1DRCUHXSzpwc=
      X-Amz-Meta-X-Amz-Meta-Gid:
      - "65534"
      X-Amz-Meta-X-Amz-Meta-Mode:
      - "33188"
      X-Amz-Meta-X-Amz-Meta-Uid:
      - "65534"
      X-Amz-Request-Id:
      - VFQEV3GH6D8T8X60
      X-Amz-Server-Side-Encryption:
      - AES256
      X-Amz-Version-Id:
      - "null"
    status: 200 OK
    code: 200
    duration: ""
- request:
    body: ""
    form: {}
    headers: {}
    url: https://s3.amazonaws.com/objects.brickftp.com/metadata/37263/687937c0-0d3e-4ac0-a26c-98b32050e6b4?X-Amz-Algorithm=AWS4-HMAC-SHA256&X-Amz-Credential=AKIAIEWLY3MN4YGZQOWA%2F20210527%2Fus-east-1%2Fs3%2Faws4_request&X-Amz-Date=20210527T155706Z&X-Amz-Expires=60&X-Amz-SignedHeaders=host&response-cache-control=no-cache%2C%20no-store&response-content-disposition=attachment%3B%20filename%3D%223.text%22&response-content-type=application%2Foctet-stream&X-Amz-Signature=d614f7aec0515f01b2404b509b6aaed679b3d90ae71c765984a4eb91af2eac98
    method: GET
  response:
    body: testing 3
    headers:
      Accept-Ranges:
      - bytes
      Cache-Control:
      - no-cache, no-store
      Content-Disposition:
      - attachment; filename="3.text"
      Content-Length:
      - "9"
      Content-Type:
      - application/octet-stream
      Date:
      - Thu, 27 May 2021 15:57:08 GMT
      Etag:
      - '"1f10b9f0c89ab4910091c8cb836b2b21-1"'
      Last-Modified:
      - Thu, 27 May 2021 15:57:05 GMT
      Server:
      - AmazonS3
      X-Amz-Id-2:
      - iOZeXooOkTUK4DaXhNMCFjvj6RjwxTQkNtv2T1CbDFNtI8yjYxhWZ8frN09i74iy2TYBXxZyhX4=
      X-Amz-Meta-X-Amz-Meta-Gid:
      - "65534"
      X-Amz-Meta-X-Amz-Meta-Mode:
      - "33188"
      X-Amz-Meta-X-Amz-Meta-Uid:
      - "65534"
      X-Amz-Request-Id:
      - ZFPT9YRMSXP0W04B
      X-Amz-Server-Side-Encryption:
      - AES256
      X-Amz-Version-Id:
      - "null"
    status: 200 OK
    code: 200
    duration: ""
